Microchip MPLAB XC8 Compiler V2.36

Linker command line:

-W-3 --edf=C:\Program Files\Microchip\xc8\v2.36\pic\dat\en_msgs.txt -cn \
  -h+dist/default/production\Sistem_Security_and_Confort.X.production.sym \
  --cmf=dist/default/production\Sistem_Security_and_Confort.X.production.cmf \
  -z -Q18F4550 -oC:\Users\vente\AppData\Local\Temp\xcAsmjo.4 \
  --defsym=__MPLAB_BUILD=1 \
  -Mdist/default/production/Sistem_Security_and_Confort.X.production.map \
  --md=C:\Users\vente\AppData\Local\Temp\xcAsmjo.dat -E1 -ver=XC8 Compiler \
  --acfsm=1493 -ACODE=00h-07FFFh -ACONST=00h-07FFFh \
  -ASMALLCONST=0800h-08FFhx120 -AMEDIUMCONST=0800h-07FFFh -ACOMRAM=01h-05Fh \
  -AABS1=00h-07FFh -ABIGRAM=01h-07FFh -ARAM=060h-0FFh,0100h-01FFhx7 \
  -ABANK0=060h-0FFh -ABANK1=0100h-01FFh -ABANK2=0200h-02FFh \
  -ABANK3=0300h-03FFh -ABANK4=0400h-04FFh -ABANK5=0500h-05FFh \
  -ABANK6=0600h-06FFh -ABANK7=0700h-07FFh -ASFR=0F60h-0FFFh \
  -ABIGSFR=0F60h-0FFFh -ACONFIG=0300000h-030000Dh -AIDLOC=0200000h-0200007h \
  -AEEDATA=0F00000h-0F000FFh -peeprom_data=EEDATA \
  -preset_vec=00h,intcode,intcodelo,powerup,init -pramtop=0800h \
  -psmallconst=SMALLCONST -pmediumconst=MEDIUMCONST -pconst=CONST \
  -AFARRAM=00h-00h \
  -prdata=COMRAM,nvrram=COMRAM,nvbit=COMRAM,rbss=COMRAM,rbit=COMRAM \
  -pfarbss=FARRAM,fardata=FARRAM,nvFARRAM=FARRAM \
  -pintsave_regs=BIGRAM,bigbss=BIGRAM,bigdata=BIGRAM -pbss=RAM \
  -pidata=CODE,irdata=CODE,ibigdata=CODE,ifardata=CODE -prparam=COMRAM \
  C:\Users\vente\AppData\Local\Temp\xcAsmjo.o \
  dist/default/production\Sistem_Security_and_Confort.X.production.o 

Object code version is 3.11

Machine type is 18F4550



                Name                               Link     Load   Length Selector   Space Scale
C:\Users\vente\AppData\Local\Temp\xcAsmjo.o
                idloc                            200000   200000        8        0       5
                config                           300000   300000        E        0       4
                init                                  0        0        4        0       0
dist/default/production\Sistem_Security_and_Confort.X.production.o
                idloc                            200000   200000        8        0       5
                config                           300000   300000        E        0       4
                smallconst                          800      800       86      400       0
                text29                             1F34     1F34       2C      443       0
                text28                             1C82     1C82       5C      443       0
                text27                             1F84     1F84       20      443       0
                text26                             1D80     1D80       50      443       0
                text25                             1FA4     1FA4       16      443       0
                text24                             1D30     1D30       50      443       0
                text23                             1C24     1C24       5E      443       0
                text22                             1E54     1E54       40      443       0
                text21                             135A     135A      188      443       0
                text20                             14E2     14E2      164      443       0
                text19                             1E14     1E14       40      443       0
                text18                             1FD8     1FD8        2      FE6       0
                text17                             1A32     1A32       CA      443       0
                text16                             1DD0     1DD0       44      443       0
                text15                             1ECA     1ECA       36      443       0
                text14                             1AFC     1AFC       C6      443       0
                text13                              886      886      2E2      443       0
                text12                             11A6     11A6      1B4      443       0
                text11                             1BC2     1BC2       62      443       0
                text10                             1CDE     1CDE       52      443       0
                text9                              1646     1646      124      443       0
                text8                              1F00     1F00       34      443       0
                text7                              176A     176A      106      443       0
                text6                               FF2      FF2      1B4      443       0
                text5                              1870     1870       EC      443       0
                text4                               DD4      DD4      21E      443       0
                text3                              195C     195C       D6      443       0
                text2                               B68      B68      26C      443       0
                text1                              1FCC     1FCC        C      FE6       0
                text0                              1F60     1F60       24      443       0
                cstackCOMRAM                          1        1       5F        1       1
                cstackBANK0                          B2       B2       1D       60       1
                dataBANK0                            CF       CF       11       60       1
                bssBANK0                             60       60       52       60       1
                cinit                              1E94     1E94       36      443       0
                idataBANK0                         1FBA     1FBA       11      443       0

TOTAL           Name                               Link     Load   Length     Space
        CLASS   CODE           
                init                                  0        0        4         0
                text29                             1F34     1F34       2C         0
                text28                             1C82     1C82       5C         0
                text27                             1F84     1F84       20         0
                text26                             1D80     1D80       50         0
                text25                             1FA4     1FA4       16         0
                text24                             1D30     1D30       50         0
                text23                             1C24     1C24       5E         0
                text22                             1E54     1E54       40         0
                text21                             135A     135A      188         0
                text20                             14E2     14E2      164         0
                text19                             1E14     1E14       40         0
                text18                             1FD8     1FD8        2         0
                text17                             1A32     1A32       CA         0
                text16                             1DD0     1DD0       44         0
                text15                             1ECA     1ECA       36         0
                text14                             1AFC     1AFC       C6         0
                text13                              886      886      2E2         0
                text12                             11A6     11A6      1B4         0
                text11                             1BC2     1BC2       62         0
                text10                             1CDE     1CDE       52         0
                text9                              1646     1646      124         0
                text8                              1F00     1F00       34         0
                text7                              176A     176A      106         0
                text6                               FF2      FF2      1B4         0
                text5                              1870     1870       EC         0
                text4                               DD4      DD4      21E         0
                text3                              195C     195C       D6         0
                text2                               B68      B68      26C         0
                text1                              1FCC     1FCC        C         0
                text0                              1F60     1F60       24         0
                cinit                              1E94     1E94       36         0
                idataBANK0                         1FBA     1FBA       11         0

        CLASS   CONST          

        CLASS   SMALLCONST     
                smallconst                          800      800       86         0

        CLASS   MEDIUMCONST    

        CLASS   COMRAM         
                cstackCOMRAM                          1        1       5F         1

        CLASS   ABS1           

        CLASS   BIGRAM         

        CLASS   RAM            

        CLASS   BANK0          
                cstackBANK0                          B2       B2       1D         1
                dataBANK0                            CF       CF       11         1
                bssBANK0                             60       60       52         1

        CLASS   BANK1          

        CLASS   BANK2          

        CLASS   BANK3          

        CLASS   BANK4          

        CLASS   BANK5          

        CLASS   BANK6          

        CLASS   BANK7          

        CLASS   SFR            

        CLASS   BIGSFR         

        CLASS   CONFIG         
                config                           300000   300000        E         4

        CLASS   IDLOC          
                idloc                            200000   200000        8         5

        CLASS   EEDATA         

        CLASS   FARRAM         

        CLASS   HEAP           

        CLASS   STACK          



SEGMENTS        Name                           Load    Length   Top    Selector   Space  Class

                reset_vec                      000000  000004  000004         0       0  CODE    
                cstackCOMRAM                   000001  00005F  000060         1       1  COMRAM  
                bssBANK0                       000060  000080  0000E0        60       1  BANK0   
                smallconst                     000800  000086  000886       400       0  SMALLCON
                text13                         000886  001745  001FCB       443       0  CODE    
                text1                          001FCC  00000E  001FDA       FE6       0  CODE    


UNUSED ADDRESS RANGES

        Name                Unused          Largest block    Delta
        BANK0            0000E0-0000FF               20
        BANK1            000100-0001FF              100
        BANK2            000200-0002FF              100
        BANK3            000300-0003FF              100
        BANK4            000400-0004FF              100
        BANK5            000500-0005FF              100
        BANK6            000600-0006FF              100
        BANK7            000700-0007FF              100
        BIGRAM           0000E0-0007FF              720
        BIGSFR           000F60-000FFF               A0
        CODE             000004-0007FF              7FC
                         001FCB-001FCB                1
                         001FDA-007FFF             6026
        CONST            000004-0007FF              7FC
                         001FCB-001FCB                1
                         001FDA-007FFF             6026
        EEDATA           F00000-F000FF              100
        MEDIUMCONST      001FCB-001FCB                1
                         001FDA-007FFF             6026
        RAM              0000E0-0007FF              100
        SFR              000F60-000FFF               A0
        SMALLCONST       001FCB-001FCB                1
                         001FDA-007FFF              100

                                  Symbol Table

?___aodiv                    cstackCOMRAM 000001
?___aomod                    cstackCOMRAM 000001
?___fltol                    cstackCOMRAM 000001
?___xxtofl                   cstackCOMRAM 000001
?_abs                        cstackCOMRAM 000013
?_dtoa                       cstackCOMRAM 00001C
?_pad                        cstackCOMRAM 000011
?_sprintf                    cstackCOMRAM 000058
?_strlen                     cstackCOMRAM 000001
?_strncmp                    cstackCOMRAM 000001
?_vfpfcnvrt                  cstackCOMRAM 000040
?_vfprintf                   cstackCOMRAM 000050
DHT11_ReadData@data          cstackCOMRAM 000002
DHT11_ReadData@i             cstackCOMRAM 000001
Dht11@RH_Decimal             cstackBANK0  0000C9
Dht11@RH_Integral            cstackBANK0  0000CA
Dht11@T_Decimal              cstackBANK0  0000CB
Dht11@T_Integral             cstackBANK0  0000CC
Dht11@value                  cstackBANK0  0000BF
LCD_Char@dat                 cstackCOMRAM 000002
LCD_Command@cmd              cstackCOMRAM 000002
LCD_String@msg               cstackCOMRAM 000003
LCD_String_xy@location       cstackCOMRAM 000009
LCD_String_xy@msg            cstackCOMRAM 000006
LCD_String_xy@pos            cstackCOMRAM 000005
LCD_String_xy@row            cstackCOMRAM 000008
_ADCON0bits                  (abs)        000FC2
_ADCON1bits                  (abs)        000FC1
_ADCON2bits                  (abs)        000FC0
_ADRESH                      (abs)        000FC4
_ADRESL                      (abs)        000FC3
_Con_Error                   bssBANK0     00007A
_Contador                    bssBANK0     000078
_DHT11_CheckResponse         text29       001F34
_DHT11_ReadData              text28       001C82
_DHT11_Start                 text27       001F84
_Dht11                       text9        001646
_INTCON2bits                 (abs)        000FF1
_LATA1                       (abs)        007C49
_LATB                        (abs)        000F8A
_LATD                        (abs)        000F8C
_LATD0                       (abs)        007C60
_LATD1                       (abs)        007C61
_LCD_Char                    text24       001D30
_LCD_Clear                   text25       001FA4
_LCD_Command                 text26       001D80
_LCD_Init                    text8        001F00
_LCD_String                  text23       001C24
_LCD_String_xy               text22       001E54
_OSCCON                      (abs)        000FD3
_OSCCONbits                  (abs)        000FD3
_PORTAbits                   (abs)        000F80
_PORTB                       (abs)        000F81
_PORTE                       (abs)        000F84
_Photoresist                 text5        001870
_Raw                         bssBANK0     000060
_Security                    text2        000B68
_TRISA                       (abs)        000F92
_TRISAbits                   (abs)        000F92
_TRISB                       (abs)        000F93
_TRISD                       (abs)        000F95
_TRISE                       (abs)        000F96
_Temperature                 bssBANK0     0000A0
__HRAM                       (abs)        000000
__Habs1                      abs1         000000
__Hbank0                     bank0        000000
__Hbank1                     bank1        000000
__Hbank2                     bank2        000000
__Hbank3                     bank3        000000
__Hbank4                     bank4        000000
__Hbank5                     bank5        000000
__Hbank6                     bank6        000000
__Hbank7                     bank7        000000
__Hbigbss                    bigbss       000000
__Hbigdata                   bigdata      000000
__Hbigram                    bigram       000000
__Hbigsfr                    bigsfr       000000
__Hbss                       bss          000000
__HbssBANK0                  bssBANK0     000000
__Hcinit                     cinit        000000
__Hclrtext                   clrtext      000000
__Hcomram                    comram       000000
__Hconfig                    config       30000E
__Hconst                     const        000000
__HcstackBANK0               cstackBANK0  000000
__HcstackCOMRAM              cstackCOMRAM 000000
__Hdata                      data         000000
__HdataBANK0                 dataBANK0    000000
__Heeprom_data               eeprom_data  000000
__Hfarbss                    farbss       000000
__Hfardata                   fardata      000000
__Hheap                      heap         000000
__Hibigdata                  ibigdata     000000
__Hidata                     idata        000000
__HidataBANK0                idataBANK0   000000
__Hidloc                     idloc        200008
__Hifardata                  ifardata     000000
__Hinit                      init         000004
__Hintcode                   intcode      000000
__Hintcode_body              intcode_body 000000
__Hintcodelo                 intcodelo    000000
__Hintentry                  intentry     000000
__Hintret                    intret       000000
__Hintsave_regs              intsave_regs 000000
__Hirdata                    irdata       000000
__Hmediumconst               mediumconst  000000
__HnvFARRAM                  nvFARRAM     000000
__Hnvbit                     nvbit        000000
__Hnvrram                    nvrram       000000
__Hparam                     rparam       000000
__Hpowerup                   powerup      000000
__Hram                       ram          000000
__Hramtop                    ramtop       000800
__Hrbit                      rbit         000000
__Hrbss                      rbss         000000
__Hrdata                     rdata        000000
__Hreset_vec                 reset_vec    000000
__Hrparam                    rparam       000000
__Hsfr                       sfr          000000
__Hsmallconst                smallconst   000886
__Hspace_0                   (abs)        001FDA
__Hspace_1                   (abs)        0000E0
__Hspace_2                   (abs)        000000
__Hspace_4                   (abs)        60000E
__Hstack                     stack        000000
__Hstruct                    struct       000000
__Htemp                      temp         000000
__Htext                      text         000000
__Htext0                     text0        000000
__Htext1                     text1        000000
__Htext10                    text10       000000
__Htext11                    text11       000000
__Htext12                    text12       000000
__Htext13                    text13       000000
__Htext14                    text14       000000
__Htext15                    text15       000000
__Htext16                    text16       000000
__Htext17                    text17       000000
__Htext18                    text18       000000
__Htext19                    text19       000000
__Htext2                     text2        000000
__Htext20                    text20       000000
__Htext21                    text21       000000
__Htext22                    text22       000000
__Htext23                    text23       000000
__Htext24                    text24       000000
__Htext25                    text25       000000
__Htext26                    text26       000000
__Htext27                    text27       000000
__Htext28                    text28       000000
__Htext29                    text29       000000
__Htext3                     text3        000000
__Htext4                     text4        000000
__Htext5                     text5        000000
__Htext6                     text6        000000
__Htext7                     text7        000000
__Htext8                     text8        000000
__Htext9                     text9        000000
__LRAM                       (abs)        000001
__Labs1                      abs1         000000
__Lbank0                     bank0        000000
__Lbank1                     bank1        000000
__Lbank2                     bank2        000000
__Lbank3                     bank3        000000
__Lbank4                     bank4        000000
__Lbank5                     bank5        000000
__Lbank6                     bank6        000000
__Lbank7                     bank7        000000
__Lbigbss                    bigbss       000000
__Lbigdata                   bigdata      000000
__Lbigram                    bigram       000000
__Lbigsfr                    bigsfr       000000
__Lbss                       bss          000000
__LbssBANK0                  bssBANK0     000000
__Lcinit                     cinit        000000
__Lclrtext                   clrtext      000000
__Lcomram                    comram       000000
__Lconfig                    config       000000
__Lconst                     const        000000
__LcstackBANK0               cstackBANK0  000000
__LcstackCOMRAM              cstackCOMRAM 000000
__Ldata                      data         000000
__LdataBANK0                 dataBANK0    000000
__Leeprom_data               eeprom_data  000000
__Lfarbss                    farbss       000000
__Lfardata                   fardata      000000
__Lheap                      heap         000000
__Libigdata                  ibigdata     000000
__Lidata                     idata        000000
__LidataBANK0                idataBANK0   000000
__Lidloc                     idloc        000000
__Lifardata                  ifardata     000000
__Linit                      init         000000
__Lintcode                   intcode      000000
__Lintcode_body              intcode_body 000000
__Lintcodelo                 intcodelo    000000
__Lintentry                  intentry     000000
__Lintret                    intret       000000
__Lintsave_regs              intsave_regs 000000
__Lirdata                    irdata       000000
__Lmediumconst               mediumconst  000000
__LnvFARRAM                  nvFARRAM     000000
__Lnvbit                     nvbit        000000
__Lnvrram                    nvrram       000000
__Lparam                     rparam       000000
__Lpowerup                   powerup      000000
__Lram                       ram          000000
__Lramtop                    ramtop       000800
__Lrbit                      rbit         000000
__Lrbss                      rbss         000000
__Lrdata                     rdata        000000
__Lreset_vec                 reset_vec    000000
__Lrparam                    rparam       000000
__Lsfr                       sfr          000000
__Lsmallconst                smallconst   000800
__Lspace_0                   (abs)        000000
__Lspace_1                   (abs)        000000
__Lspace_2                   (abs)        000000
__Lspace_4                   (abs)        000000
__Lstack                     stack        000000
__Lstruct                    struct       000000
__Ltemp                      temp         000000
__Ltext                      text         000000
__Ltext0                     text0        000000
__Ltext1                     text1        000000
__Ltext10                    text10       000000
__Ltext11                    text11       000000
__Ltext12                    text12       000000
__Ltext13                    text13       000000
__Ltext14                    text14       000000
__Ltext15                    text15       000000
__Ltext16                    text16       000000
__Ltext17                    text17       000000
__Ltext18                    text18       000000
__Ltext19                    text19       000000
__Ltext2                     text2        000000
__Ltext20                    text20       000000
__Ltext21                    text21       000000
__Ltext22                    text22       000000
__Ltext23                    text23       000000
__Ltext24                    text24       000000
__Ltext25                    text25       000000
__Ltext26                    text26       000000
__Ltext27                    text27       000000
__Ltext28                    text28       000000
__Ltext29                    text29       000000
__Ltext3                     text3        000000
__Ltext4                     text4        000000
__Ltext5                     text5        000000
__Ltext6                     text6        000000
__Ltext7                     text7        000000
__Ltext8                     text8        000000
__Ltext9                     text9        000000
__S0                         (abs)        001FDA
__S1                         (abs)        0000E0
__S4                         (abs)        000000
__S5                         (abs)        000000
___aodiv                     text21       00135A
___aodiv@counter             cstackCOMRAM 000011
___aodiv@dividend            cstackCOMRAM 000001
___aodiv@divisor             cstackCOMRAM 000009
___aodiv@quotient            cstackCOMRAM 000013
___aodiv@sign                cstackCOMRAM 000012
___aomod                     text20       0014E2
___aomod@counter             cstackCOMRAM 000011
___aomod@dividend            cstackCOMRAM 000001
___aomod@divisor             cstackCOMRAM 000009
___aomod@sign                cstackCOMRAM 000012
___fltol                     text7        00176A
___fltol@exp1                cstackCOMRAM 00000A
___fltol@f1                  cstackCOMRAM 000001
___fltol@sign1               cstackCOMRAM 000009
___heap_hi                   (abs)        000000
___heap_lo                   (abs)        000000
___inthi_sp                  stack        000000
___intlo_sp                  stack        000000
___param_bank                (abs)        000000
___rparam_used               (abs)        000001
___sp                        stack        000000
___xxtofl                    text6        000FF2
___xxtofl@arg                cstackCOMRAM 00000B
___xxtofl@exp                cstackCOMRAM 00000A
___xxtofl@sign               cstackCOMRAM 000009
___xxtofl@val                cstackCOMRAM 000001
__accesstop                  (abs)        000060
__activetblptr               (abs)        000002
__end_of_DHT11_CheckResponse text29       001F60
__end_of_DHT11_ReadData      text28       001CDE
__end_of_DHT11_Start         text27       001FA4
__end_of_Dht11               text9        00176A
__end_of_LCD_Char            text24       001D80
__end_of_LCD_Clear           text25       001FBA
__end_of_LCD_Command         text26       001DD0
__end_of_LCD_Init            text8        001F34
__end_of_LCD_String          text23       001C82
__end_of_LCD_String_xy       text22       001E94
__end_of_Photoresist         text5        00195C
__end_of_Security            text2        000DD4
__end_of___aodiv             text21       0014E2
__end_of___aomod             text20       001646
__end_of___fltol             text7        001870
__end_of___xxtofl            text6        0011A6
__end_of__initialization     cinit        001EC0
__end_of_abs                 text19       001E54
__end_of_dtoa                text13       000B68
__end_of_fputc               text17       001AFC
__end_of_fputs               text16       001E14
__end_of_keypad_getkey       text4        000FF2
__end_of_keypad_init         text1        001FD8
__end_of_main                text0        001F84
__end_of_pad                 text14       001BC2
__end_of_password            smallconst   000806
__end_of_putch               text18       001FDA
__end_of_sprintf             text10       001D30
__end_of_strlen              text15       001F00
__end_of_strncmp             text3        001A32
__end_of_vfpfcnvrt           text12       00135A
__end_of_vfprintf            text11       001C24
__initialization             cinit        001E94
__mediumconst                mediumconst  000000
__pbssBANK0                  bssBANK0     000060
__pcinit                     cinit        001E94
__pcstackBANK0               cstackBANK0  0000B2
__pcstackCOMRAM              cstackCOMRAM 000001
__pdataBANK0                 dataBANK0    0000CF
__pidataBANK0                idataBANK0   001FBA
__psmallconst                smallconst   000800
__ptext0                     text0        001F60
__ptext1                     text1        001FCC
__ptext10                    text10       001CDE
__ptext11                    text11       001BC2
__ptext12                    text12       0011A6
__ptext13                    text13       000886
__ptext14                    text14       001AFC
__ptext15                    text15       001ECA
__ptext16                    text16       001DD0
__ptext17                    text17       001A32
__ptext18                    text18       001FD8
__ptext19                    text19       001E14
__ptext2                     text2        000B68
__ptext20                    text20       0014E2
__ptext21                    text21       00135A
__ptext22                    text22       001E54
__ptext23                    text23       001C24
__ptext24                    text24       001D30
__ptext25                    text25       001FA4
__ptext26                    text26       001D80
__ptext27                    text27       001F84
__ptext28                    text28       001C82
__ptext29                    text29       001F34
__ptext3                     text3        00195C
__ptext4                     text4        000DD4
__ptext5                     text5        001870
__ptext6                     text6        000FF2
__ptext7                     text7        00176A
__ptext8                     text8        001F00
__ptext9                     text9        001646
__ramtop                     ramtop       000800
__smallconst                 smallconst   000800
_abs                         text19       001E14
_buffer                      bssBANK0     0000AF
_counter_digito              bssBANK0     00007D
_dbuf                        bssBANK0     000080
_dtoa                        text13       000886
_dtoa$1041                   cstackCOMRAM 00002E
_estado                      bssBANK0     00007E
_flags                       bssBANK0     000074
_fputc                       text17       001A32
_fputs                       text16       001DD0
_idx                         bssBANK0     00007F
_key                         dataBANK0    0000DF
_keypad_getkey               text4        000DD4
_keypad_init                 text1        001FCC
_lm35                        bssBANK0     00007C
_main                        text0        001F60
_nout                        bssBANK0     00006E
_pad                         text14       001AFC
_pass_user                   bssBANK0     0000AA
_password                    smallconst   000801
_prec                        bssBANK0     000072
_putch                       text18       001FD8
_sprintf                     text10       001CDE
_strlen                      text15       001ECA
_strncmp                     text3        00195C
_temp                        bssBANK0     00006A
_value_adc                   bssBANK0     000076
_vfpfcnvrt                   text12       0011A6
_vfprintf                    text11       001BC2
_width                       bssBANK0     000070
abs@a                        cstackCOMRAM 000013
dtoa@d                       cstackCOMRAM 00001E
dtoa@fp                      cstackCOMRAM 00001C
dtoa@i                       cstackCOMRAM 00003E
dtoa@n                       cstackCOMRAM 000036
dtoa@p                       cstackCOMRAM 000030
dtoa@s                       cstackCOMRAM 000034
dtoa@w                       cstackCOMRAM 000032
end_of_initialization        cinit        001EC0
fputc@c                      cstackCOMRAM 000001
fputc@fp                     cstackCOMRAM 000003
fputs@c                      cstackCOMRAM 00000E
fputs@fp                     cstackCOMRAM 00000C
fputs@i                      cstackCOMRAM 00000F
fputs@s                      cstackCOMRAM 00000A
intlevel0                    text         000000
intlevel1                    text         000000
intlevel2                    text         000000
intlevel3                    text         000000
isa$std                      (abs)        000001
isa$xinst                    (abs)        000000
keypad_getkey@F3205          dataBANK0    0000CF
keypad_getkey@i              cstackCOMRAM 000012
keypad_getkey@letras         cstackCOMRAM 000001
keypad_getkey@valor          cstackCOMRAM 000011
pad@buf                      cstackCOMRAM 000013
pad@fp                       cstackCOMRAM 000011
pad@i                        cstackCOMRAM 000018
pad@p                        cstackCOMRAM 000015
pad@w                        cstackCOMRAM 00001A
sprintf@ap                   cstackBANK0  0000B2
sprintf@f                    cstackBANK0  0000B4
sprintf@fmt                  cstackCOMRAM 00005A
sprintf@s                    cstackCOMRAM 000058
stackhi                      (abs)        000000
stacklo                      (abs)        000000
start                        init         000000
start_initialization         cinit        001E94
strlen@a                     cstackCOMRAM 000003
strlen@s                     cstackCOMRAM 000001
strncmp@_l                   cstackCOMRAM 000001
strncmp@_r                   cstackCOMRAM 000003
strncmp@l                    cstackCOMRAM 000008
strncmp@n                    cstackCOMRAM 000005
strncmp@r                    cstackCOMRAM 00000A
vfpfcnvrt@ap                 cstackCOMRAM 000044
vfpfcnvrt@fmt                cstackCOMRAM 000042
vfpfcnvrt@fp                 cstackCOMRAM 000040
vfpfcnvrt@ll                 cstackCOMRAM 000048
vfprintf@ap                  cstackCOMRAM 000054
vfprintf@cfmt                cstackCOMRAM 000056
vfprintf@fmt                 cstackCOMRAM 000052
vfprintf@fp                  cstackCOMRAM 000050


MODULE INFORMATION

Module		Function		Class		Link	Load	Size
KEYPAD_2.c
		_keypad_init   		CODE           	1FCC	0000	12
		_keypad_getkey 		CODE           	0DD4	0000	542

KEYPAD_2.c estimated size: 554

C:\Program Files\Microchip\xc8\v2.36\pic\sources\c99\common\putch.c
		_putch         		CODE           	1FD8	0000	2

C:\Program Files\Microchip\xc8\v2.36\pic\sources\c99\common\putch.c estimated size: 2

C:\Program Files\Microchip\xc8\v2.36\pic\sources\c99\common\nf_fputs.c
		_fputs         		CODE           	1DD0	0000	68

C:\Program Files\Microchip\xc8\v2.36\pic\sources\c99\common\nf_fputs.c estimated size: 68

C:\Program Files\Microchip\xc8\v2.36\pic\sources\c99\common\aomod.c
		___aomod       		CODE           	14E2	0000	356

C:\Program Files\Microchip\xc8\v2.36\pic\sources\c99\common\aomod.c estimated size: 356

C:\Program Files\Microchip\xc8\v2.36\pic\sources\c99\common\strncmp.c
		_strncmp       		CODE           	195C	0000	214

C:\Program Files\Microchip\xc8\v2.36\pic\sources\c99\common\strncmp.c estimated size: 214

C:\Program Files\Microchip\xc8\v2.36\pic\sources\c99\common\nf_sprintf.c
		_sprintf       		CODE           	1CDE	0000	82

C:\Program Files\Microchip\xc8\v2.36\pic\sources\c99\common\nf_sprintf.c estimated size: 82

C:\Program Files\Microchip\xc8\v2.36\pic\sources\c99\common\xxtofl.c
		___xxtofl      		CODE           	0FF2	0000	436

C:\Program Files\Microchip\xc8\v2.36\pic\sources\c99\common\xxtofl.c estimated size: 436

C:\Program Files\Microchip\xc8\v2.36\pic\sources\c99\common\strlen.c
		_strlen        		CODE           	1ECA	0000	54

C:\Program Files\Microchip\xc8\v2.36\pic\sources\c99\common\strlen.c estimated size: 54

C:\Program Files\Microchip\xc8\v2.36\pic\sources\c99\common\aodiv.c
		___aodiv       		CODE           	135A	0000	392

C:\Program Files\Microchip\xc8\v2.36\pic\sources\c99\common\aodiv.c estimated size: 392

C:\Program Files\Microchip\xc8\v2.36\pic\sources\c99\common\nf_fputc.c
		_fputc         		CODE           	1A32	0000	202

C:\Program Files\Microchip\xc8\v2.36\pic\sources\c99\common\nf_fputc.c estimated size: 202

C:\Program Files\Microchip\xc8\v2.36\pic\sources\c99\common\fltol.c
		___fltol       		CODE           	176A	0000	262

C:\Program Files\Microchip\xc8\v2.36\pic\sources\c99\common\fltol.c estimated size: 262

C:\Program Files\Microchip\xc8\v2.36\pic\sources\c99\common\doprnt.c
		_vfpfcnvrt     		CODE           	11A6	0000	436
		_pad           		CODE           	1AFC	0000	198
		_dtoa          		CODE           	0886	0000	738
		_vfprintf      		CODE           	1BC2	0000	98

C:\Program Files\Microchip\xc8\v2.36\pic\sources\c99\common\doprnt.c estimated size: 1470

Main.c
		_main          		CODE           	1F60	0000	36
		_Dht11         		CODE           	1646	0000	292
		_Photoresist   		CODE           	1870	0000	236
		_Security      		CODE           	0B68	0000	620

Main.c estimated size: 1184

shared
		_password      		SMALLCONST     	0801	0000	5
		__initialization		CODE           	1E94	0000	44

shared estimated size: 49

C:\Program Files\Microchip\xc8\v2.36\pic\sources\c99\common\abs.c
		_abs           		CODE           	1E14	0000	64

C:\Program Files\Microchip\xc8\v2.36\pic\sources\c99\common\abs.c estimated size: 64

dht11.c
		_DHT11_Start   		CODE           	1F84	0000	32
		_DHT11_CheckResponse		CODE           	1F34	0000	44
		_DHT11_ReadData		CODE           	1C82	0000	92

dht11.c estimated size: 168

LCD.c
		_LCD_String    		CODE           	1C24	0000	94
		_LCD_Init      		CODE           	1F00	0000	52
		_LCD_Command   		CODE           	1D80	0000	80
		_LCD_String_xy 		CODE           	1E54	0000	64
		_LCD_Char      		CODE           	1D30	0000	80
		_LCD_Clear     		CODE           	1FA4	0000	22

LCD.c estimated size: 392

