Microchip MPLAB XC8 Compiler V2.36

Linker command line:

-W-3 --edf=C:\Program Files\Microchip\xc8\v2.36\pic\dat\en_msgs.txt -cn \
  -h+dist/default/production\Proyecto.X.production.sym \
  --cmf=dist/default/production\Proyecto.X.production.cmf -z -Q18F4550 \
  -oC:\Users\vente\AppData\Local\Temp\xcAsgh4.4 --defsym=__MPLAB_BUILD=1 \
  -Mdist/default/production/Proyecto.X.production.map \
  --md=C:\Users\vente\AppData\Local\Temp\xcAsgh4.dat -E1 -ver=XC8 Compiler \
  --acfsm=1493 -ACODE=00h-07FFFh -ACONST=00h-07FFFh \
  -ASMALLCONST=0800h-08FFhx120 -AMEDIUMCONST=0800h-07FFFh -ACOMRAM=01h-05Fh \
  -AABS1=00h-07FFh -ABIGRAM=01h-07FFh -ARAM=060h-0FFh,0100h-01FFhx7 \
  -ABANK0=060h-0FFh -ABANK1=0100h-01FFh -ABANK2=0200h-02FFh \
  -ABANK3=0300h-03FFh -ABANK4=0400h-04FFh -ABANK5=0500h-05FFh \
  -ABANK6=0600h-06FFh -ABANK7=0700h-07FFh -ASFR=0F60h-0FFFh \
  -ABIGSFR=0F60h-0FFFh -ACONFIG=0300000h-030000Dh -AIDLOC=0200000h-0200007h \
  -AEEDATA=0F00000h-0F000FFh -peeprom_data=EEDATA \
  -preset_vec=00h,intcode,intcodelo,powerup,init -pramtop=0800h \
  -psmallconst=SMALLCONST -pmediumconst=MEDIUMCONST -pconst=CONST \
  -AFARRAM=00h-00h \
  -prdata=COMRAM,nvrram=COMRAM,nvbit=COMRAM,rbss=COMRAM,rbit=COMRAM \
  -pfarbss=FARRAM,fardata=FARRAM,nvFARRAM=FARRAM \
  -pintsave_regs=BIGRAM,bigbss=BIGRAM,bigdata=BIGRAM -pbss=RAM \
  -pidata=CODE,irdata=CODE,ibigdata=CODE,ifardata=CODE -prparam=COMRAM \
  C:\Users\vente\AppData\Local\Temp\xcAsgh4.o \
  dist/default/production\Proyecto.X.production.o 

Object code version is 3.11

Machine type is 18F4550



                Name                               Link     Load   Length Selector   Space Scale
C:\Users\vente\AppData\Local\Temp\xcAsgh4.o
                idloc                            200000   200000        8        0       5
                config                           300000   300000        E        0       4
                init                                  0        0        4        0       0
dist/default/production\Proyecto.X.production.o
                idloc                            200000   200000        8        0       5
                config                           300000   300000        E        0       4
                smallconst                          800      800       74      400       0
                text27                             23C2     23C2       50      43A       0
                text26                             2542     2542       34      43A       0
                text25                             2372     2372       50      43A       0
                text24                             22C2     22C2       5E      43A       0
                text23                             2496     2496       40      43A       0
                text22                              C9E      C9E      39A      43A       0
                text21                              874      874      42A      43A       0
                text20                             1EFC     1EFC      106      43A       0
                text19                             1902     1902      1B4      43A       0
                text18                             1AB6     1AB6      188      43A       0
                text17                             1C3E     1C3E      164      43A       0
                text16                             2456     2456       40      43A       0
                text15                             25C6     25C6        2      43A       0
                text14                             20D0     20D0       CA      43A       0
                text13                             2412     2412       44      43A       0
                text12                             250C     250C       36      43A       0
                text11                             219A     219A       C6      43A       0
                text10                             1038     1038      2E2      43A       0
                text9                              174E     174E      1B4      43A       0
                text8                              2260     2260       62      43A       0
                text7                              2320     2320       52      43A       0
                text6                              1DA2     1DA2      15A      43A       0
                text5                              25A4     25A4       16      43A       0
                text4                              131A     131A      21E      43A       0
                text3                              2002     2002       CE      43A       0
                text2                              1538     1538      216      43A       0
                text1                              25BA     25BA        C      43A       0
                text0                              2576     2576       18      43A       0
                cstackCOMRAM                          1        1       5F        1       1
                cstackBANK0                          C8       C8        F       60       1
                dataBANK0                            B2       B2       16       60       1
                bssBANK0                             60       60       52       60       1
                cinit                              24D6     24D6       36      43A       0
                idataBANK0                         258E     258E       16      43A       0

TOTAL           Name                               Link     Load   Length     Space
        CLASS   CODE           
                init                                  0        0        4         0
                text27                             23C2     23C2       50         0
                text26                             2542     2542       34         0
                text25                             2372     2372       50         0
                text24                             22C2     22C2       5E         0
                text23                             2496     2496       40         0
                text22                              C9E      C9E      39A         0
                text21                              874      874      42A         0
                text20                             1EFC     1EFC      106         0
                text19                             1902     1902      1B4         0
                text18                             1AB6     1AB6      188         0
                text17                             1C3E     1C3E      164         0
                text16                             2456     2456       40         0
                text15                             25C6     25C6        2         0
                text14                             20D0     20D0       CA         0
                text13                             2412     2412       44         0
                text12                             250C     250C       36         0
                text11                             219A     219A       C6         0
                text10                             1038     1038      2E2         0
                text9                              174E     174E      1B4         0
                text8                              2260     2260       62         0
                text7                              2320     2320       52         0
                text6                              1DA2     1DA2      15A         0
                text5                              25A4     25A4       16         0
                text4                              131A     131A      21E         0
                text3                              2002     2002       CE         0
                text2                              1538     1538      216         0
                text1                              25BA     25BA        C         0
                text0                              2576     2576       18         0
                cinit                              24D6     24D6       36         0
                idataBANK0                         258E     258E       16         0

        CLASS   CONST          

        CLASS   SMALLCONST     
                smallconst                          800      800       74         0

        CLASS   MEDIUMCONST    

        CLASS   COMRAM         
                cstackCOMRAM                          1        1       5F         1

        CLASS   ABS1           

        CLASS   BIGRAM         

        CLASS   RAM            

        CLASS   BANK0          
                cstackBANK0                          C8       C8        F         1
                dataBANK0                            B2       B2       16         1
                bssBANK0                             60       60       52         1

        CLASS   BANK1          

        CLASS   BANK2          

        CLASS   BANK3          

        CLASS   BANK4          

        CLASS   BANK5          

        CLASS   BANK6          

        CLASS   BANK7          

        CLASS   SFR            

        CLASS   BIGSFR         

        CLASS   CONFIG         
                config                           300000   300000        E         4

        CLASS   IDLOC          
                idloc                            200000   200000        8         5

        CLASS   EEDATA         

        CLASS   FARRAM         

        CLASS   HEAP           

        CLASS   STACK          



SEGMENTS        Name                           Load    Length   Top    Selector   Space  Class

                reset_vec                      000000  000004  000004         0       0  CODE    
                cstackCOMRAM                   000001  00005F  000060         1       1  COMRAM  
                bssBANK0                       000060  000077  0000D7        60       1  BANK0   
                smallconst                     000800  000074  000874       400       0  SMALLCON
                text21                         000874  001D54  0025C8       43A       0  CODE    


UNUSED ADDRESS RANGES

        Name                Unused          Largest block    Delta
        BANK0            0000D7-0000FF               29
        BANK1            000100-0001FF              100
        BANK2            000200-0002FF              100
        BANK3            000300-0003FF              100
        BANK4            000400-0004FF              100
        BANK5            000500-0005FF              100
        BANK6            000600-0006FF              100
        BANK7            000700-0007FF              100
        BIGRAM           0000D7-0007FF              729
        BIGSFR           000F60-000FFF               A0
        CODE             000004-0007FF              7FC
                         0025C8-007FFF             5A38
        CONST            000004-0007FF              7FC
                         0025C8-007FFF             5A38
        EEDATA           F00000-F000FF              100
        MEDIUMCONST      0025C8-007FFF             5A38
        RAM              0000D7-0007FF              100
        SFR              000F60-000FFF               A0
        SMALLCONST       0025C8-007FFF              100

                                  Symbol Table

?___aodiv                cstackCOMRAM 000001
?___aomod                cstackCOMRAM 000001
?___fldiv                cstackCOMRAM 00001A
?___flmul                cstackCOMRAM 000001
?___fltol                cstackCOMRAM 000001
?___xxtofl               cstackCOMRAM 000001
?_abs                    cstackCOMRAM 000013
?_dtoa                   cstackCOMRAM 00001C
?_pad                    cstackCOMRAM 000011
?_sprintf                cstackCOMRAM 000058
?_strlen                 cstackCOMRAM 000001
?_strncmp                cstackCOMRAM 000001
?_vfpfcnvrt              cstackCOMRAM 000040
?_vfprintf               cstackCOMRAM 000050
LCD_Char@dat             cstackCOMRAM 000002
LCD_Command@cmd          cstackCOMRAM 000002
LCD_String@msg           cstackCOMRAM 000003
LCD_String_xy@location   cstackCOMRAM 000009
LCD_String_xy@msg        cstackCOMRAM 000006
LCD_String_xy@pos        cstackCOMRAM 000005
LCD_String_xy@row        cstackCOMRAM 000008
_ADCON0bits              (abs)        000FC2
_ADCON1bits              (abs)        000FC1
_ADCON2bits              (abs)        000FC0
_ADRESH                  (abs)        000FC4
_ADRESL                  (abs)        000FC3
_Con_Error               bssBANK0     00007A
_Confort                 text6        001DA2
_Contador                bssBANK0     000078
_INTCON2bits             (abs)        000FF1
_LATB                    (abs)        000F8A
_LATD                    (abs)        000F8C
_LATD0                   (abs)        007C60
_LATD1                   (abs)        007C61
_LCD_Char                text25       002372
_LCD_Clear               text5        0025A4
_LCD_Command             text27       0023C2
_LCD_Init                text26       002542
_LCD_String              text24       0022C2
_LCD_String_xy           text23       002496
_OSCCON                  (abs)        000FD3
_OSCCONbits              (abs)        000FD3
_PORTB                   (abs)        000F81
_PORTE                   (abs)        000F84
_Raw                     bssBANK0     000060
_Security                text2        001538
_TRISA                   (abs)        000F92
_TRISB                   (abs)        000F93
_TRISD                   (abs)        000F95
_TRISE                   (abs)        000F96
_Temperature             bssBANK0     0000A0
__HRAM                   (abs)        000000
__Habs1                  abs1         000000
__Hbank0                 bank0        000000
__Hbank1                 bank1        000000
__Hbank2                 bank2        000000
__Hbank3                 bank3        000000
__Hbank4                 bank4        000000
__Hbank5                 bank5        000000
__Hbank6                 bank6        000000
__Hbank7                 bank7        000000
__Hbigbss                bigbss       000000
__Hbigdata               bigdata      000000
__Hbigram                bigram       000000
__Hbigsfr                bigsfr       000000
__Hbss                   bss          000000
__HbssBANK0              bssBANK0     000000
__Hcinit                 cinit        000000
__Hclrtext               clrtext      000000
__Hcomram                comram       000000
__Hconfig                config       30000E
__Hconst                 const        000000
__HcstackBANK0           cstackBANK0  000000
__HcstackCOMRAM          cstackCOMRAM 000000
__Hdata                  data         000000
__HdataBANK0             dataBANK0    000000
__Heeprom_data           eeprom_data  000000
__Hfarbss                farbss       000000
__Hfardata               fardata      000000
__Hheap                  heap         000000
__Hibigdata              ibigdata     000000
__Hidata                 idata        000000
__HidataBANK0            idataBANK0   000000
__Hidloc                 idloc        200008
__Hifardata              ifardata     000000
__Hinit                  init         000004
__Hintcode               intcode      000000
__Hintcode_body          intcode_body 000000
__Hintcodelo             intcodelo    000000
__Hintentry              intentry     000000
__Hintret                intret       000000
__Hintsave_regs          intsave_regs 000000
__Hirdata                irdata       000000
__Hmediumconst           mediumconst  000000
__HnvFARRAM              nvFARRAM     000000
__Hnvbit                 nvbit        000000
__Hnvrram                nvrram       000000
__Hparam                 rparam       000000
__Hpowerup               powerup      000000
__Hram                   ram          000000
__Hramtop                ramtop       000800
__Hrbit                  rbit         000000
__Hrbss                  rbss         000000
__Hrdata                 rdata        000000
__Hreset_vec             reset_vec    000000
__Hrparam                rparam       000000
__Hsfr                   sfr          000000
__Hsmallconst            smallconst   000874
__Hspace_0               (abs)        0025C8
__Hspace_1               (abs)        0000D7
__Hspace_2               (abs)        000000
__Hspace_4               (abs)        60000E
__Hstack                 stack        000000
__Hstruct                struct       000000
__Htemp                  temp         000000
__Htext                  text         000000
__Htext0                 text0        000000
__Htext1                 text1        000000
__Htext10                text10       000000
__Htext11                text11       000000
__Htext12                text12       000000
__Htext13                text13       000000
__Htext14                text14       000000
__Htext15                text15       000000
__Htext16                text16       000000
__Htext17                text17       000000
__Htext18                text18       000000
__Htext19                text19       000000
__Htext2                 text2        000000
__Htext20                text20       000000
__Htext21                text21       000000
__Htext22                text22       000000
__Htext23                text23       000000
__Htext24                text24       000000
__Htext25                text25       000000
__Htext26                text26       000000
__Htext27                text27       000000
__Htext3                 text3        000000
__Htext4                 text4        000000
__Htext5                 text5        000000
__Htext6                 text6        000000
__Htext7                 text7        000000
__Htext8                 text8        000000
__Htext9                 text9        000000
__LRAM                   (abs)        000001
__Labs1                  abs1         000000
__Lbank0                 bank0        000000
__Lbank1                 bank1        000000
__Lbank2                 bank2        000000
__Lbank3                 bank3        000000
__Lbank4                 bank4        000000
__Lbank5                 bank5        000000
__Lbank6                 bank6        000000
__Lbank7                 bank7        000000
__Lbigbss                bigbss       000000
__Lbigdata               bigdata      000000
__Lbigram                bigram       000000
__Lbigsfr                bigsfr       000000
__Lbss                   bss          000000
__LbssBANK0              bssBANK0     000000
__Lcinit                 cinit        000000
__Lclrtext               clrtext      000000
__Lcomram                comram       000000
__Lconfig                config       000000
__Lconst                 const        000000
__LcstackBANK0           cstackBANK0  000000
__LcstackCOMRAM          cstackCOMRAM 000000
__Ldata                  data         000000
__LdataBANK0             dataBANK0    000000
__Leeprom_data           eeprom_data  000000
__Lfarbss                farbss       000000
__Lfardata               fardata      000000
__Lheap                  heap         000000
__Libigdata              ibigdata     000000
__Lidata                 idata        000000
__LidataBANK0            idataBANK0   000000
__Lidloc                 idloc        000000
__Lifardata              ifardata     000000
__Linit                  init         000000
__Lintcode               intcode      000000
__Lintcode_body          intcode_body 000000
__Lintcodelo             intcodelo    000000
__Lintentry              intentry     000000
__Lintret                intret       000000
__Lintsave_regs          intsave_regs 000000
__Lirdata                irdata       000000
__Lmediumconst           mediumconst  000000
__LnvFARRAM              nvFARRAM     000000
__Lnvbit                 nvbit        000000
__Lnvrram                nvrram       000000
__Lparam                 rparam       000000
__Lpowerup               powerup      000000
__Lram                   ram          000000
__Lramtop                ramtop       000800
__Lrbit                  rbit         000000
__Lrbss                  rbss         000000
__Lrdata                 rdata        000000
__Lreset_vec             reset_vec    000000
__Lrparam                rparam       000000
__Lsfr                   sfr          000000
__Lsmallconst            smallconst   000800
__Lspace_0               (abs)        000000
__Lspace_1               (abs)        000000
__Lspace_2               (abs)        000000
__Lspace_4               (abs)        000000
__Lstack                 stack        000000
__Lstruct                struct       000000
__Ltemp                  temp         000000
__Ltext                  text         000000
__Ltext0                 text0        000000
__Ltext1                 text1        000000
__Ltext10                text10       000000
__Ltext11                text11       000000
__Ltext12                text12       000000
__Ltext13                text13       000000
__Ltext14                text14       000000
__Ltext15                text15       000000
__Ltext16                text16       000000
__Ltext17                text17       000000
__Ltext18                text18       000000
__Ltext19                text19       000000
__Ltext2                 text2        000000
__Ltext20                text20       000000
__Ltext21                text21       000000
__Ltext22                text22       000000
__Ltext23                text23       000000
__Ltext24                text24       000000
__Ltext25                text25       000000
__Ltext26                text26       000000
__Ltext27                text27       000000
__Ltext3                 text3        000000
__Ltext4                 text4        000000
__Ltext5                 text5        000000
__Ltext6                 text6        000000
__Ltext7                 text7        000000
__Ltext8                 text8        000000
__Ltext9                 text9        000000
__S0                     (abs)        0025C8
__S1                     (abs)        0000D7
__S4                     (abs)        000000
__S5                     (abs)        000000
___aodiv                 text18       001AB6
___aodiv@counter         cstackCOMRAM 000011
___aodiv@dividend        cstackCOMRAM 000001
___aodiv@divisor         cstackCOMRAM 000009
___aodiv@quotient        cstackCOMRAM 000013
___aodiv@sign            cstackCOMRAM 000012
___aomod                 text17       001C3E
___aomod@counter         cstackCOMRAM 000011
___aomod@dividend        cstackCOMRAM 000001
___aomod@divisor         cstackCOMRAM 000009
___aomod@sign            cstackCOMRAM 000012
___fldiv                 text22       000C9E
___fldiv@a               cstackCOMRAM 00001E
___fldiv@aexp            cstackCOMRAM 000032
___fldiv@b               cstackCOMRAM 00001A
___fldiv@bexp            cstackCOMRAM 000031
___fldiv@grs             cstackCOMRAM 00002D
___fldiv@new_exp         cstackCOMRAM 00002B
___fldiv@rem             cstackCOMRAM 000026
___fldiv@sign            cstackCOMRAM 00002A
___flmul                 text21       000874
___flmul@a               cstackCOMRAM 000005
___flmul@aexp            cstackCOMRAM 000012
___flmul@b               cstackCOMRAM 000001
___flmul@bexp            cstackCOMRAM 000013
___flmul@grs             cstackCOMRAM 00000E
___flmul@prod            cstackCOMRAM 000014
___flmul@sign            cstackCOMRAM 00000D
___flmul@temp            cstackCOMRAM 000018
___fltol                 text20       001EFC
___fltol@exp1            cstackCOMRAM 00000A
___fltol@f1              cstackCOMRAM 000001
___fltol@sign1           cstackCOMRAM 000009
___heap_hi               (abs)        000000
___heap_lo               (abs)        000000
___inthi_sp              stack        000000
___intlo_sp              stack        000000
___param_bank            (abs)        000000
___rparam_used           (abs)        000001
___sp                    stack        000000
___xxtofl                text19       001902
___xxtofl@arg            cstackCOMRAM 00000B
___xxtofl@exp            cstackCOMRAM 00000A
___xxtofl@sign           cstackCOMRAM 000009
___xxtofl@val            cstackCOMRAM 000001
__accesstop              (abs)        000060
__activetblptr           (abs)        000002
__end_of_Confort         text6        001EFC
__end_of_LCD_Char        text25       0023C2
__end_of_LCD_Clear       text5        0025BA
__end_of_LCD_Command     text27       002412
__end_of_LCD_Init        text26       002576
__end_of_LCD_String      text24       002320
__end_of_LCD_String_xy   text23       0024D6
__end_of_Security        text2        00174E
__end_of___aodiv         text18       001C3E
__end_of___aomod         text17       001DA2
__end_of___fldiv         text22       001038
__end_of___flmul         text21       000C9E
__end_of___fltol         text20       002002
__end_of___xxtofl        text19       001AB6
__end_of__initialization cinit        002502
__end_of_abs             text16       002496
__end_of_dtoa            text10       00131A
__end_of_fputc           text14       00219A
__end_of_fputs           text13       002456
__end_of_keypad_getkey   text4        001538
__end_of_keypad_init     text1        0025C6
__end_of_main            text0        00258E
__end_of_pad             text11       002260
__end_of_putch           text15       0025C8
__end_of_sprintf         text7        002372
__end_of_strlen          text12       002542
__end_of_strncmp         text3        0020D0
__end_of_vfpfcnvrt       text9        001902
__end_of_vfprintf        text8        0022C2
__initialization         cinit        0024D6
__mediumconst            mediumconst  000000
__pbssBANK0              bssBANK0     000060
__pcinit                 cinit        0024D6
__pcstackBANK0           cstackBANK0  0000C8
__pcstackCOMRAM          cstackCOMRAM 000001
__pdataBANK0             dataBANK0    0000B2
__pidataBANK0            idataBANK0   00258E
__psmallconst            smallconst   000800
__ptext0                 text0        002576
__ptext1                 text1        0025BA
__ptext10                text10       001038
__ptext11                text11       00219A
__ptext12                text12       00250C
__ptext13                text13       002412
__ptext14                text14       0020D0
__ptext15                text15       0025C6
__ptext16                text16       002456
__ptext17                text17       001C3E
__ptext18                text18       001AB6
__ptext19                text19       001902
__ptext2                 text2        001538
__ptext20                text20       001EFC
__ptext21                text21       000874
__ptext22                text22       000C9E
__ptext23                text23       002496
__ptext24                text24       0022C2
__ptext25                text25       002372
__ptext26                text26       002542
__ptext27                text27       0023C2
__ptext3                 text3        002002
__ptext4                 text4        00131A
__ptext5                 text5        0025A4
__ptext6                 text6        001DA2
__ptext7                 text7        002320
__ptext8                 text8        002260
__ptext9                 text9        00174E
__ramtop                 ramtop       000800
__smallconst             smallconst   000800
_abs                     text16       002456
_buffer                  bssBANK0     0000AF
_counter_digito          bssBANK0     00007D
_dbuf                    bssBANK0     000080
_dtoa                    text10       001038
_dtoa$908                cstackCOMRAM 00002E
_estado                  bssBANK0     00007E
_flags                   bssBANK0     000074
_fputc                   text14       0020D0
_fputs                   text13       002412
_idx                     bssBANK0     00007F
_key                     dataBANK0    0000C2
_keypad_getkey           text4        00131A
_keypad_init             text1        0025BA
_lm35                    bssBANK0     00007C
_main                    text0        002576
_nout                    bssBANK0     00006E
_pad                     text11       00219A
_pass_user               bssBANK0     0000AA
_password                dataBANK0    0000C3
_prec                    bssBANK0     000072
_putch                   text15       0025C6
_sprintf                 text7        002320
_strlen                  text12       00250C
_strncmp                 text3        002002
_temp                    bssBANK0     00006A
_value_adc               bssBANK0     000076
_vfpfcnvrt               text9        00174E
_vfprintf                text8        002260
_width                   bssBANK0     000070
abs@a                    cstackCOMRAM 000013
dtoa@d                   cstackCOMRAM 00001E
dtoa@fp                  cstackCOMRAM 00001C
dtoa@i                   cstackCOMRAM 00003E
dtoa@n                   cstackCOMRAM 000036
dtoa@p                   cstackCOMRAM 000030
dtoa@s                   cstackCOMRAM 000034
dtoa@w                   cstackCOMRAM 000032
end_of_initialization    cinit        002502
fputc@c                  cstackCOMRAM 000001
fputc@fp                 cstackCOMRAM 000003
fputs@c                  cstackCOMRAM 00000E
fputs@fp                 cstackCOMRAM 00000C
fputs@i                  cstackCOMRAM 00000F
fputs@s                  cstackCOMRAM 00000A
intlevel0                text         000000
intlevel1                text         000000
intlevel2                text         000000
intlevel3                text         000000
isa$std                  (abs)        000001
isa$xinst                (abs)        000000
keypad_getkey@F3205      dataBANK0    0000B2
keypad_getkey@i          cstackCOMRAM 000012
keypad_getkey@letras     cstackCOMRAM 000001
keypad_getkey@valor      cstackCOMRAM 000011
pad@buf                  cstackCOMRAM 000013
pad@fp                   cstackCOMRAM 000011
pad@i                    cstackCOMRAM 000018
pad@p                    cstackCOMRAM 000015
pad@w                    cstackCOMRAM 00001A
sprintf@ap               cstackBANK0  0000C8
sprintf@f                cstackBANK0  0000CA
sprintf@fmt              cstackCOMRAM 00005A
sprintf@s                cstackCOMRAM 000058
stackhi                  (abs)        000000
stacklo                  (abs)        000000
start                    init         000000
start_initialization     cinit        0024D6
strlen@a                 cstackCOMRAM 000003
strlen@s                 cstackCOMRAM 000001
strncmp@_l               cstackCOMRAM 000001
strncmp@_r               cstackCOMRAM 000003
strncmp@l                cstackCOMRAM 000009
strncmp@n                cstackCOMRAM 000005
strncmp@r                cstackCOMRAM 00000B
vfpfcnvrt@ap             cstackCOMRAM 000044
vfpfcnvrt@fmt            cstackCOMRAM 000042
vfpfcnvrt@fp             cstackCOMRAM 000040
vfpfcnvrt@ll             cstackCOMRAM 000048
vfprintf@ap              cstackCOMRAM 000054
vfprintf@cfmt            cstackCOMRAM 000056
vfprintf@fmt             cstackCOMRAM 000052
vfprintf@fp              cstackCOMRAM 000050


MODULE INFORMATION

Module		Function		Class		Link	Load	Size
KEYPAD_2.c
		_keypad_init   		CODE           	25BA	0000	12
		_keypad_getkey 		CODE           	131A	0000	542

KEYPAD_2.c estimated size: 554

C:\Program Files\Microchip\xc8\v2.36\pic\sources\c99\common\putch.c
		_putch         		CODE           	25C6	0000	2

C:\Program Files\Microchip\xc8\v2.36\pic\sources\c99\common\putch.c estimated size: 2

C:\Program Files\Microchip\xc8\v2.36\pic\sources\c99\common\nf_fputs.c
		_fputs         		CODE           	2412	0000	68

C:\Program Files\Microchip\xc8\v2.36\pic\sources\c99\common\nf_fputs.c estimated size: 68

C:\Program Files\Microchip\xc8\v2.36\pic\sources\c99\common\aomod.c
		___aomod       		CODE           	1C3E	0000	356

C:\Program Files\Microchip\xc8\v2.36\pic\sources\c99\common\aomod.c estimated size: 356

C:\Program Files\Microchip\xc8\v2.36\pic\sources\c99\common\strncmp.c
		_strncmp       		CODE           	2002	0000	206

C:\Program Files\Microchip\xc8\v2.36\pic\sources\c99\common\strncmp.c estimated size: 206

C:\Program Files\Microchip\xc8\v2.36\pic\sources\c99\common\sprcmul.c
		___flmul       		CODE           	0874	0000	1066

C:\Program Files\Microchip\xc8\v2.36\pic\sources\c99\common\sprcmul.c estimated size: 1066

C:\Program Files\Microchip\xc8\v2.36\pic\sources\c99\common\sprcdiv.c
		___fldiv       		CODE           	0C9E	0000	922

C:\Program Files\Microchip\xc8\v2.36\pic\sources\c99\common\sprcdiv.c estimated size: 922

C:\Program Files\Microchip\xc8\v2.36\pic\sources\c99\common\nf_sprintf.c
		_sprintf       		CODE           	2320	0000	82

C:\Program Files\Microchip\xc8\v2.36\pic\sources\c99\common\nf_sprintf.c estimated size: 82

C:\Program Files\Microchip\xc8\v2.36\pic\sources\c99\common\xxtofl.c
		___xxtofl      		CODE           	1902	0000	436

C:\Program Files\Microchip\xc8\v2.36\pic\sources\c99\common\xxtofl.c estimated size: 436

C:\Program Files\Microchip\xc8\v2.36\pic\sources\c99\common\strlen.c
		_strlen        		CODE           	250C	0000	54

C:\Program Files\Microchip\xc8\v2.36\pic\sources\c99\common\strlen.c estimated size: 54

C:\Program Files\Microchip\xc8\v2.36\pic\sources\c99\common\aodiv.c
		___aodiv       		CODE           	1AB6	0000	392

C:\Program Files\Microchip\xc8\v2.36\pic\sources\c99\common\aodiv.c estimated size: 392

C:\Program Files\Microchip\xc8\v2.36\pic\sources\c99\common\nf_fputc.c
		_fputc         		CODE           	20D0	0000	202

C:\Program Files\Microchip\xc8\v2.36\pic\sources\c99\common\nf_fputc.c estimated size: 202

C:\Program Files\Microchip\xc8\v2.36\pic\sources\c99\common\doprnt.c
		_vfpfcnvrt     		CODE           	174E	0000	436
		_pad           		CODE           	219A	0000	198
		_dtoa          		CODE           	1038	0000	738
		_vfprintf      		CODE           	2260	0000	98

C:\Program Files\Microchip\xc8\v2.36\pic\sources\c99\common\doprnt.c estimated size: 1470

C:\Program Files\Microchip\xc8\v2.36\pic\sources\c99\common\fltol.c
		___fltol       		CODE           	1EFC	0000	262

C:\Program Files\Microchip\xc8\v2.36\pic\sources\c99\common\fltol.c estimated size: 262

Main.c
		_main          		CODE           	2576	0000	24
		_Confort       		CODE           	1DA2	0000	346
		_Security      		CODE           	1538	0000	534

Main.c estimated size: 904

shared
		__initialization		CODE           	24D6	0000	44

shared estimated size: 44

C:\Program Files\Microchip\xc8\v2.36\pic\sources\c99\common\abs.c
		_abs           		CODE           	2456	0000	64

C:\Program Files\Microchip\xc8\v2.36\pic\sources\c99\common\abs.c estimated size: 64

LCD.c
		_LCD_String    		CODE           	22C2	0000	94
		_LCD_Init      		CODE           	2542	0000	52
		_LCD_Command   		CODE           	23C2	0000	80
		_LCD_String_xy 		CODE           	2496	0000	64
		_LCD_Char      		CODE           	2372	0000	80
		_LCD_Clear     		CODE           	25A4	0000	22

LCD.c estimated size: 392

